[2026-08-27T14:08:45.845Z] GET https://www.tansensangeet.com/ → 200 (220ms, ?B)
[2026-08-27T14:08:46.135Z] GET https://www.tansensangeet.com/wp-content/litespeed/css/5733ea2c0c0587aa9c72a6c7153538e1.css?ver=ca89e → 200 (106ms, 35174B)
[2026-08-27T14:08:46.135Z] GET https://www.tansensangeet.com/wp-content/litespeed/css/e169fd73ca3b48e568bb887865692f73.css?ver=8e8a4 → 200 (86ms, 3875B)
[2026-08-27T14:08:46.135Z] GET https://www.tansensangeet.com/wp-content/litespeed/css/5536c03bd177370c6c6c002e1eb26006.css?ver=3898d → 200 (104ms, 1016B)
[2026-08-27T14:08:46.135Z] GET https://www.tansensangeet.com/wp-content/litespeed/css/493993549856054da4e87047c1d445cf.css?ver=46183 → 200 (201ms, 1723B)
[2026-08-27T14:08:46.135Z] GET https://www.tansensangeet.com/wp-content/litespeed/css/7e78cb6852f2b6a4ef4311c7d2f04a57.css?ver=74ed4 → 200 (201ms, 1305B)
[2026-08-27T14:08:46.135Z] GET https://www.tansensangeet.com/wp-content/litespeed/css/b04f82de6b91685136d1401f80580d12.css?ver=06481 → 200 (200ms, 1394B)
[2026-08-27T14:08:46.135Z] GET https://www.tansensangeet.com/wp-content/litespeed/css/c838973dc407297cedbf7afeb5e651ee.css?ver=5f660 → 200 (181ms, 6606B)
[2026-08-27T14:08:46.136Z] GET https://www.tansensangeet.com/wp-content/litespeed/css/692b028afb2a270630b34ad472d994a5.css?ver=c28fa → 200 (198ms, 563B)
[2026-08-27T14:08:46.150Z] GET https://www.tansensangeet.com/wp-content/litespeed/css/e08be68b570974a0b80b88d9d6c0eee5.css?ver=3d9e9 → 200 (165ms, 717B)
[2026-08-27T14:08:46.150Z] GET https://www.tansensangeet.com/wp-content/litespeed/css/3d7a4cee2b3c4a162d9aa2e3532d33d2.css?ver=5d770 → 200 (164ms, 985B)
[2026-08-27T14:08:46.151Z] GET https://www.tansensangeet.com/wp-content/litespeed/css/0caf37153e56a6d39b6121e7a4f6e7c6.css?ver=83c15 → 200 (162ms, 1104B)
[2026-08-27T14:08:46.151Z] GET https://www.tansensangeet.com/wp-content/litespeed/css/5c10a78bbf11018e471ead4a38f67a83.css?ver=05b06 → 200 (163ms, 525B)
[2026-08-27T14:08:46.151Z] GET https://www.tansensangeet.com/wp-content/litespeed/css/b9d16529c347807e38e4ceda580d7a7c.css?ver=ffcdb → 200 (160ms, 275B)
[2026-08-27T14:08:46.151Z] GET https://www.tansensangeet.com/wp-content/litespeed/css/367f64c299e6e2c1fc41f600b7b759fc.css?ver=ed057 → 200 (139ms, 3248B)
[2026-08-27T14:08:46.151Z] GET https://www.tansensangeet.com/wp-content/litespeed/css/0f0a6ecbacebf1a2ad76ad8e5b19b6b3.css?ver=a3d35 → 200 (125ms, 189B)
[2026-08-27T14:08:46.151Z] GET https://www.tansensangeet.com/wp-content/litespeed/css/19eb0ac3f7ef3c4cee11333aa16a854c.css?ver=a707a → 200 (161ms, 1263B)
[2026-08-27T14:08:46.152Z] GET https://www.tansensangeet.com/wp-content/litespeed/css/0bc4e8b3fd941b36fff91ed1ed50182f.css?ver=bc3f2 → 200 (106ms, 191B)
[2026-08-27T14:08:46.152Z] GET https://www.tansensangeet.com/wp-content/litespeed/css/51c8cbab0b21382758d0901c4e3916a3.css?ver=819b6 → 200 (105ms, 199B)
[2026-08-27T14:08:46.152Z] GET https://www.tansensangeet.com/wp-content/litespeed/css/f563897b3f73c0283ca4a8134d985dd8.css?ver=8d00c → 200 (114ms, 422B)
[2026-08-27T14:08:46.152Z] GET https://www.tansensangeet.com/wp-content/litespeed/css/97baee6a3d69defa14329d88d5b24daa.css?ver=a4309 → 200 (139ms, 4292B)
[2026-08-27T14:08:46.152Z] GET https://www.tansensangeet.com/wp-content/litespeed/css/8afe69f5db354d1333081053db563d82.css?ver=c8192 → 200 (157ms, 762B)
[2026-08-27T14:08:46.153Z] GET https://www.tansensangeet.com/wp-content/litespeed/css/8658ae1861cc2ee29d0ea5eabe7183de.css?ver=9cded → 200 (157ms, 1420B)
[2026-08-27T14:08:46.153Z] GET https://www.tansensangeet.com/wp-content/litespeed/css/4b37ef5712437c5c0decd28b71763666.css?ver=1d7d9 → 200 (188ms, 319B)
[2026-08-27T14:08:46.153Z] GET https://www.tansensangeet.com/wp-content/litespeed/css/8c81e1a57d7860133f462eb66f4d65a7.css?ver=98234 → 200 (187ms, 1528B)
[2026-08-27T14:08:46.153Z] GET https://www.tansensangeet.com/wp-content/litespeed/css/ca35f7fed9dbf99573c8f9ad9ccb4ec0.css?ver=f74e5 → 200 (184ms, 672B)
[2026-08-27T14:08:46.153Z] GET https://www.tansensangeet.com/wp-content/litespeed/css/98adf940835f50074b7fb6fc62aaae90.css?ver=a386b → 200 (185ms, 443B)
[2026-08-27T14:08:46.153Z] GET https://www.tansensangeet.com/wp-content/litespeed/css/478914d45828a697099bb1fac40e55ae.css?ver=e944a → 200 (184ms, 5887B)
[2026-08-27T14:08:46.153Z] GET https://www.tansensangeet.com/wp-content/litespeed/css/b93c2328b5e9ababfe438790ef13ae6e.css?ver=84c31 → 200 (186ms, 1101B)
[2026-08-27T14:08:46.153Z] GET https://www.tansensangeet.com/wp-content/litespeed/css/2b38e4ca5aac2c5dc92881d2701597e8.css?ver=d4674 → 200 (214ms, 105B)
[2026-08-27T14:08:46.154Z] GET https://www.tansensangeet.com/wp-content/litespeed/css/3f5c4d1f0742b87c01b91862464d147b.css?ver=9638d → 200 (214ms, 113B)
[2026-08-27T14:08:46.154Z] GET https://www.tansensangeet.com/wp-content/litespeed/css/d0b32bdf402a71e041e7fd1d492e173d.css?ver=c07b2 → 200 (459ms, 146B)
[2026-08-27T14:08:46.154Z] GET https://www.tansensangeet.com/wp-content/litespeed/css/957614a4be8193c05e5f18993c643a02.css?ver=71f29 → 200 (211ms, 1777B)
[2026-08-27T14:08:46.154Z] GET https://www.tansensangeet.com/wp-content/litespeed/css/fc40a87f4afe98c940e3c5030cb6db5f.css?ver=92575 → 200 (214ms, 1858B)
[2026-08-27T14:08:46.154Z] GET https://www.tansensangeet.com/wp-content/litespeed/css/8ee8d125db17d956bae336f66015354c.css?ver=9c616 → 200 (212ms, 6488B)
[2026-08-27T14:08:46.155Z] GET https://www.tansensangeet.com/wp-content/litespeed/css/03ee56d594bf8057930f4b0fd00ebb4f.css?ver=ebb4f → 200 (214ms, 374B)
[2026-08-27T14:08:46.155Z] GET https://www.tansensangeet.com/wp-content/litespeed/css/3071dd56f34186beb63473298406cd5b.css?ver=6cd5b → 200 (208ms, 270B)
[2026-08-27T14:08:46.155Z] GET https://www.tansensangeet.com/wp-content/litespeed/css/927f08b0b53e7d13e1bdcff46153bc10.css?ver=3bc10 → 200 (209ms, 344B)
[2026-08-27T14:08:46.155Z] GET https://www.tansensangeet.com/wp-content/litespeed/css/cfb2685b1a25763ff91650fa822c2af4.css?ver=c2af4 → 200 (215ms, 321B)
[2026-08-27T14:08:46.155Z] GET https://www.tansensangeet.com/wp-includes/js/jquery/jquery.min.js?ver=3.7.1 → 200 (234ms, 29647B)
[2026-08-27T14:08:46.155Z] GET https://www.tansensangeet.com/wp-content/litespeed/js/d216a2b18eea718b74d1851e9b76e082.js?ver=4d509 → 200 (229ms, 4736B)
[2026-08-27T14:08:46.155Z] GET https://www.tansensangeet.com/wp-content/uploads/2026/07/tansen-logo-1.jpeg → 200 (229ms, 81165B)
[2026-08-27T14:08:46.164Z] GET https://www.tansensangeet.com/wp-content/uploads/2026/07/guitar.jpg → 200 (206ms, 106762B)
[2026-08-27T14:08:46.164Z] GET https://www.tansensangeet.com/wp-content/uploads/2026/07/keyboard.jpg → 200 (424ms, 98047B)
[2026-08-27T14:08:46.174Z] GET https://www.tansensangeet.com/wp-content/uploads/2026/07/unnamed.png → 200 (415ms, 13323B)
[2026-08-27T14:08:46.174Z] GET https://www.tansensangeet.com/wp-content/uploads/2026/07/unnamed-1.png → 200 (437ms, 17682B)
[2026-08-27T14:08:46.174Z] GET https://www.tansensangeet.com/wp-content/uploads/2026/07/unnamed-2.png → 200 (439ms, 17069B)
[2026-08-27T14:08:46.202Z] GET https://www.tansensangeet.com/wp-content/litespeed/css/6dd789cd630dd7cb22731b03af8b3095.css?ver=c13a9 → 200 (410ms, 2250B)
[2026-08-27T14:08:46.202Z] GET https://www.tansensangeet.com/wp-content/litespeed/css/33097dfe873a9cd4c852993c0d249135.css?ver=e57e0 → 200 (406ms, 1524B)
[2026-08-27T14:08:46.202Z] GET https://www.tansensangeet.com/wp-content/litespeed/css/09781ec95b00e9853f0bb4311a7f16b2.css?ver=70bc4 → 200 (397ms, 562B)
[2026-08-27T14:08:46.206Z] GET https://www.tansensangeet.com/wp-content/litespeed/css/5b0dd022c425b59862431575eb6f1363.css?ver=3a5b9 → 200 (403ms, 758B)
[2026-08-27T14:08:46.206Z] GET https://www.tansensangeet.com/wp-content/litespeed/css/7b7b52d48ad85b355eb51796084a5cb6.css?ver=80065 → 200 (405ms, 496B)
[2026-08-27T14:08:46.206Z] GET https://www.tansensangeet.com/wp-content/litespeed/css/419a440eed9656ea417d42bce3557849.css?ver=59eb5 → 200 (402ms, 733B)
[2026-08-27T14:08:46.206Z] GET https://www.tansensangeet.com/wp-content/litespeed/css/80a6c87584d05c9266143abe84d175ea.css?ver=4f18e → 200 (404ms, 1493B)
[2026-08-27T14:08:46.207Z] GET https://www.tansensangeet.com/wp-content/litespeed/js/ac1d1b0eb89c0eba8582d6f887c493cd.js?ver=ddbae → 200 (425ms, 2539B)
[2026-08-27T14:08:46.207Z] GET https://www.tansensangeet.com/wp-content/litespeed/js/c08d21701d053708e98c250e59b3b5c3.js?ver=c7d4f → 200 (424ms, 558B)
[2026-08-27T14:08:46.207Z] GET https://www.tansensangeet.com/wp-content/litespeed/js/7c14a24740dfdf65ccfec423832920b6.js?ver=cbaf2 → 200 (423ms, 2399B)
[2026-08-27T14:08:46.207Z] GET https://www.tansensangeet.com/wp-content/litespeed/js/7c7ed678baf8c7b6da7d02ec58a6cf15.js?ver=39652 → 200 (424ms, 15329B)
[2026-08-27T14:08:46.207Z] GET https://www.tansensangeet.com/wp-content/litespeed/js/69eaa7ef4c4fe804e4ac45fffebcee2f.js?ver=f1175 → 200 (425ms, 6316B)
[2026-08-27T14:08:46.207Z] GET https://www.tansensangeet.com/wp-content/litespeed/js/12c0407d6cc55df4884b124345805fc9.js?ver=3cdfe → 200 (426ms, 10148B)
[2026-08-27T14:08:46.207Z] GET https://www.tansensangeet.com/wp-content/litespeed/js/bfef6243b273724565c02470f354a667.js?ver=39f83 → 200 (422ms, 6860B)
[2026-08-27T14:08:46.207Z] GET https://www.tansensangeet.com/wp-content/litespeed/js/a2d384517d9e25275baecb14a2312532.js?ver=550d5 → 200 (427ms, 37619B)
[2026-08-27T14:08:46.208Z] GET https://www.tansensangeet.com/wp-content/litespeed/js/83b3f7502296b5ce4265fe6522da0773.js?ver=bade7 → 200 (426ms, 766B)
[2026-08-27T14:08:46.208Z] GET https://www.tansensangeet.com/wp-content/litespeed/js/6e9097a563f0b98be17c082238a26d33.js?ver=1f564 → 200 (427ms, 22217B)
[2026-08-27T14:08:46.208Z] GET https://www.tansensangeet.com/wp-content/litespeed/js/16b419ef4f43bb58868ed863b4613fcb.js?ver=068d1 → 200 (425ms, 2676B)
[2026-08-27T14:08:46.208Z] GET https://www.tansensangeet.com/wp-content/litespeed/js/d341e8a8527033a0b6dcccc97ad06bae.js?ver=c0796 → 200 (425ms, 1816B)
[2026-08-27T14:08:46.208Z] GET https://www.tansensangeet.com/wp-content/litespeed/js/47e6aefa73f54f065536f8b4552e0dff.js?ver=228ea → 200 (426ms, 2436B)
[2026-08-27T14:08:46.208Z] GET https://www.tansensangeet.com/wp-content/litespeed/js/c55f8ea743c4cb29de678e760227798f.js?ver=711a6 → 200 (425ms, 6231B)
[2026-08-27T14:08:46.208Z] GET https://www.tansensangeet.com/wp-content/litespeed/js/170fb142985ddecce5ba992d6292d7c3.js?ver=1db46 → 200 (425ms, 10111B)
[2026-08-27T14:08:46.413Z] GET https://connect.facebook.net/en_US/fbevents.js → pending (?ms, ?B)
[2026-08-27T14:08:46.571Z] GET https://www.tansensangeet.com/wp-content/uploads/2026/07/slider-1.jpg → 200 (42ms, 109120B)
[2026-08-27T14:08:46.572Z] GET https://www.tansensangeet.com/wp-content/uploads/2026/07/slider-2.jpg → 200 (40ms, 106855B)
[2026-08-27T14:08:46.572Z] GET https://www.tansensangeet.com/wp-content/uploads/2026/07/slider-3.jpg → 200 (48ms, 132788B)
[2026-08-27T14:08:46.583Z] GET https://fonts.gstatic.com/s/roboto/v51/KFOMCnqEu92Fr1ME7kSn66aGLdTylUAMQXC89YmC2DPNWubEbVmUiA8.ttf → pending (?ms, ?B)
[2026-08-27T14:08:46.583Z] GET https://fonts.gstatic.com/s/roboto/v51/KFOMCnqEu92Fr1ME7kSn66aGLdTylUAMQXC89YmC2DPNWub2bVmUiA8.ttf → pending (?ms, ?B)
[2026-08-27T14:08:46.583Z] GET https://fonts.gstatic.com/s/roboto/v51/KFOMCnqEu92Fr1ME7kSn66aGLdTylUAMQXC89YmC2DPNWuYaalmUiA8.ttf → pending (?ms, ?B)
[2026-08-27T14:08:46.584Z] GET https://fonts.gstatic.com/s/poppins/v24/pxiByp8kv8JHgFVrLGT9Z1xlEA.ttf → pending (?ms, ?B)
[2026-08-27T14:08:46.584Z] GET https://fonts.gstatic.com/s/playfairdisplay/v40/nuFvD-vYSZviVYUb_rj3ij__anPXJzDwcbmjWBN2PKeiunDXbtY.ttf → pending (?ms, ?B)
[2026-08-27T14:08:46.584Z] GET https://fonts.gstatic.com/s/playfairdisplay/v40/nuFvD-vYSZviVYUb_rj3ij__anPXJzDwcbmjWBN2PKebunDXbtY.ttf → pending (?ms, ?B)
[2026-08-27T14:08:46.584Z] GET https://fonts.gstatic.com/s/poppins/v24/pxiEyp8kv8JHgFVrJJfedw.ttf → pending (?ms, ?B)
[2026-08-27T14:08:46.584Z] GET https://fonts.gstatic.com/s/poppins/v24/pxiByp8kv8JHgFVrLCz7Z1xlEA.ttf → pending (?ms, ?B)
[2026-08-27T14:08:46.584Z] GET https://fonts.gstatic.com/s/poppins/v24/pxiByp8kv8JHgFVrLEj6Z1xlEA.ttf → pending (?ms, ?B)
[2026-08-27T14:08:46.584Z] GET https://www.tansensangeet.com/wp-content/uploads/2026/07/dance.jpg → 200 (106ms, 130081B)
[2026-08-27T14:08:46.689Z] GET https://fonts.gstatic.com/s/poppins/v24/pxiGyp8kv8JHgFVrJJLucHtF.ttf → pending (?ms, ?B)
[2026-08-27T14:08:46.689Z] GET https://fonts.gstatic.com/s/poppins/v24/pxiDyp8kv8JHgFVrJJLmr19VF9eL.ttf → pending (?ms, ?B)
[2026-08-27T14:08:46.865Z] GET https://www.tansensangeet.com/wp-content/uploads/2026/07/anu-kapoor.jpg → 200 (77ms, 20676B)
[2026-08-27T14:08:46.866Z] GET https://www.tansensangeet.com/wp-content/uploads/2026/07/saroj_khan.jpg → 200 (78ms, 27416B)
[2026-08-27T14:08:46.866Z] GET https://www.tansensangeet.com/wp-content/uploads/2026/07/master-ji.jpg → 200 (77ms, 15245B)
[2026-08-27T14:08:46.971Z] GET blob:https://www.tansensangeet.com/3bad26fe-3b06-4e82-bc61-9e2898a0a147 → pending (?ms, ?B)
[2026-08-27T14:08:47.033Z] GET https://www.tansensangeet.com/wp-content/plugins/elementor/assets/lib/dialog/dialog.min.js?ver=4.9.3 → pending (?ms, ?B)
[2026-08-27T14:08:47.099Z] GET https://www.tansensangeet.com/wp-content/plugins/elementor/assets/js/shared-frontend-handlers.03caa53373b56d3bab67.bundle.min.js → 200 (160ms, 2584B)
[2026-08-27T14:08:47.115Z] GET https://www.tansensangeet.com/wp-content/plugins/pro-elements/assets/js/nav-menu.dc8790fd04afa5b6c0a3.bundle.min.js → 200 (145ms, 1717B)
[2026-08-27T14:08:47.118Z] GET https://www.tansensangeet.com/wp-content/plugins/pro-elements/assets/js/nested-carousel.659b0373371215e60dab.bundle.min.js → 200 (142ms, 1426B)
[2026-08-27T14:08:47.121Z] GET https://www.tansensangeet.com/wp-content/plugins/elementor/assets/js/text-editor.45609661e409413f1cef.bundle.min.js → 200 (139ms, 656B)
[2026-08-27T14:08:47.142Z] GET https://www.tansensangeet.com/wp-content/plugins/elementor/assets/js/counter.12335f45aaa79d244f24.bundle.min.js → 200 (119ms, 479B)
[2026-08-27T14:08:47.154Z] GET https://www.tansensangeet.com/wp-content/plugins/pro-elements/assets/js/carousel.e2af910b095554625156.bundle.min.js → 200 (124ms, 1654B)
[2026-08-27T14:08:47.176Z] GET https://www.tansensangeet.com/wp-content/plugins/pro-elements/assets/js/media-carousel.87c2cf115553a2c4f709.bundle.min.js → 200 (345ms, 2022B)
[2026-08-27T14:08:47.222Z] GET https://www.tansensangeet.com/wp-content/plugins/pro-elements/assets/js/form.cfd61a9174be80f835c6.bundle.min.js → 200 (300ms, 4973B)
[2026-08-27T14:08:47.222Z] GET https://www.tansensangeet.com/wp-content/plugins/pro-elements/assets/js/popup.61d4fcab8891b2e07802.bundle.min.js → 200 (299ms, 456B)
[2026-08-27T14:08:47.468Z] GET https://www.tansensangeet.com/wp-content/uploads/2026/07/Vocal-Music.jpg → 200 (104ms, 96322B)
[2026-08-27T14:08:47.468Z] GET https://www.tansensangeet.com/wp-content/uploads/2026/07/tabla.jpg → 200 (105ms, 140383B)
[2026-08-27T14:08:47.468Z] GET https://www.tansensangeet.com/wp-content/uploads/2026/07/fine-arts.jpg → 200 (223ms, 129430B)
[2026-08-27T14:08:47.468Z] GET https://www.tansensangeet.com/wp-content/uploads/2026/08/Drum.jpg → 200 (92ms, 118236B)
[2026-08-27T14:08:47.469Z] GET https://www.tansensangeet.com/wp-content/uploads/2026/08/Harmonium.jpg → 200 (78ms, 141635B)
[2026-08-27T14:08:47.469Z] GET https://www.tansensangeet.com/wp-content/uploads/2026/08/Western-Dance.jpg → 200 (117ms, 133367B)
[2026-08-27T14:08:47.486Z] GET https://www.tansensangeet.com/wp-content/uploads/2026/07/ugc.webp → 200 (206ms, 5098B)
[2026-08-27T14:08:47.487Z] GET https://www.tansensangeet.com/wp-content/uploads/2026/07/trinity.webp → 200 (206ms, 2366B)
[2026-08-27T14:08:47.487Z] GET https://www.tansensangeet.com/wp-content/uploads/2026/07/prayag.webp → 200 (209ms, 10486B)
[2026-08-27T14:08:47.487Z] GET https://www.tansensangeet.com/wp-content/uploads/2026/07/pracheen.webp → 200 (209ms, 13523B)
[2026-08-27T14:08:47.487Z] GET https://www.tansensangeet.com/wp-content/uploads/2026/07/iso-certified.webp → 200 (210ms, 5573B)
[2026-08-27T14:08:47.520Z] GET https://www.tansensangeet.com/wp-includes/js/wp-emoji-release.min.js?ver=7.1 → 200 (178ms, 5070B)
[2026-08-27T14:08:47.689Z] GET https://connect.facebook.net/signals/config/838648247621797?v=2.9.385&r=stable&domain=www.tansensangeet.com&hme=1a72ec78e057d90ba48afa55a82b063b1c9b6ab7c0155009fecc72226a622ed2&ex_m=113%2C218%2C164%2C25%2C78%2C79%2C156%2C74%2C73%2C11%2C174%2C98%2C19%2C148%2C136%2C43%2C81%2C86%2C144%2C169%2C176%2C29%2C17%2C30%2C31%2C32%2C34%2C52%2C157%2C83%2C121%2C21%2C23%2C48%2C44%2C46%2C45%2C91%2C100%2C104%2C119%2C155%2C158%2C50%2C120%2C27%2C24%2C128%2C75%2C40%2C160%2C159%2C161%2C152%2C150%2C28%2C39%2C63%2C118%2C171%2C76%2C20%2C123%2C89%2C72%2C22%2C93%2C94%2C125%2C92%2C146%2C145%2C149%2C105%2C170%2C173%2C38%2C53%2C122%2C51%2C8%2C4%2C5%2C7%2C6%2C3%2C99%2C110%2C177%2C185%2C232%2C80%2C245%2C244%2C243%2C14%2C26%2C37%2C59%2C112%2C65%2C10%2C69%2C106%2C107%2C108%2C114%2C139%2C35%2C33%2C141%2C142%2C143%2C138%2C137%2C165%2C82%2C168%2C166%2C167%2C54%2C64%2C132%2C18%2C172%2C49%2C293%2C294%2C292%2C307%2C329%2C225%2C214%2C66%2C215%2C213%2C332%2C323%2C56%2C226%2C116%2C140%2C88%2C130%2C58%2C129%2C135%2C134%2C62%2C70%2C68%2C162%2C84%2C85%2C124%2C41%2C36%2C57%2C60%2C109%2C175%2C1%2C133%2C16%2C131%2C12%2C2%2C61%2C101%2C15%2C71%2C67%2C127%2C97%2C96%2C178%2C179%2C102%2C103%2C9%2C111%2C55%2C153%2C95%2C87%2C77%2C126%2C115%2C47%2C154%2C0%2C90%2C147%2C151%2C163%2C42%2C117%2C13%2C180 → pending (?ms, ?B)
[2026-08-27T14:08:48.277Z] GET https://code.tidio.co/6mbtmhbts8sojdmfwvphx4rg1yg5bjsy.js → pending (?ms, ?B)
